// Jest Snapshot v1, https://goo.gl/fbAQLP

exports[`Test on GifGrid component Component must match with the snapshot 1`] = `
<Fragment>
  <h3
    className="title__category animate__animated animate__fadeIn"
  >
    Time
  </h3>
  <p
    className="animate__animated animate__flash"
  >
    Loading...
  </p>
  <div
    className="card-grid"
  />
</Fragment>
`;
